<?xml version="1.0" encoding="UTF-8"?>
<testsuite name="BaselineOfSWTDemo" tests="1" failures="0" errors="0" time="0.0">                                                                 
    <testcase classname="SWTDemo.Tests.SWTDemoTest" name="testAnotherValue" time="0.0">
    </testcase>
    <testcase classname="SWTDemo.Tests.SWTDemoTest" name="testValue" time="0.0">
    </testcase>
    <system-out><![CDATA[]]></system-out>
    <system-err><![CDATA[]]></system-err>
</testsuite>
